#-----------------------------------------------------------
# Vivado v2025.2 (64-bit)
# SW Build 6299465 on Fri Nov 14 12:34:56 MST 2025
# IP Build 6300035 on Fri Nov 14 10:48:45 MST 2025
# SharedData Build 6298862 on Thu Nov 13 04:50:51 MST 2025
# Start of session at: Fri Jun  5 05:58:57 2026
# Process ID         : 341097
# Current directory  : /home/rt7085/repos/tagus_led_blinker/tagus_led_blinker.runs/led_blinker_ilmb_bram_if_cntlr_0_synth_1
# Command line       : vivado -log led_blinker_ilmb_bram_if_cntlr_0.vds -product Vivado -mode batch -messageDb vivado.pb -notrace -source led_blinker_ilmb_bram_if_cntlr_0.tcl
# Log file           : /home/rt7085/repos/tagus_led_blinker/tagus_led_blinker.runs/led_blinker_ilmb_bram_if_cntlr_0_synth_1/led_blinker_ilmb_bram_if_cntlr_0.vds
# Journal file       : /home/rt7085/repos/tagus_led_blinker/tagus_led_blinker.runs/led_blinker_ilmb_bram_if_cntlr_0_synth_1/vivado.jou
# Running On         : capybara
# Platform           : Ubuntu
# Operating System   : Ubuntu 24.04.3 LTS
# Processor Detail   : AMD Ryzen 7 7800X3D 8-Core Processor
# CPU Frequency      : 4191.796 MHz
# CPU Physical cores : 8
# CPU Logical cores  : 8
# Host memory        : 15878 MB
# Swap memory        : 4294 MB
# Total Virtual      : 20173 MB
# Available Virtual  : 5094 MB
#-----------------------------------------------------------
source led_blinker_ilmb_bram_if_cntlr_0.tcl -notrace
