
*** Running vivado
    with args -log led_blinker_axi_smc_0.vds -m64 -product Vivado -mode batch -messageDb vivado.pb -notrace -source led_blinker_axi_smc_0.tcl


****** Vivado v2025.2 (64-bit)
  **** SW Build 6299465 on Fri Nov 14 12:34:56 MST 2025
  **** IP Build 6300035 on Fri Nov 14 10:48:45 MST 2025
  **** SharedData Build 6298862 on Thu Nov 13 04:50:51 MST 2025
  **** Start of session at: Sun May 10 15:45:52 2026
    ** Copyright 1986-2022 Xilinx, Inc. All Rights Reserved.
    ** Copyright 2022-2025 Advanced Micro Devices, Inc. All Rights Reserved.

source led_blinker_axi_smc_0.tcl -notrace
Command: synth_design -top led_blinker_axi_smc_0 -part xc7a200tfbg484-2 -incremental_mode off -mode out_of_context
Starting synth_design
Attempting to get a license for feature 'Synthesis' and/or device 'xc7a200t'
INFO: [Common 17-349] Got license for feature 'Synthesis' and/or device 'xc7a200t'
INFO: [Device 21-403] Loading part xc7a200tfbg484-2
INFO: [Synth 8-7079] Multithreading enabled for synth_design using a maximum of 7 processes.
INFO: [Synth 8-7078] Launching helper process for spawning children vivado processes
INFO: [Synth 8-7075] Helper process launched with PID 944156
---------------------------------------------------------------------------------
Starting RTL Elaboration : Time (s): cpu = 00:00:03 ; elapsed = 00:00:04 . Memory (MB): peak = 2282.570 ; gain = 480.875 ; free physical = 1311 ; free virtual = 2670
---------------------------------------------------------------------------------
INFO: [Synth 8-6157] synthesizing module 'led_blinker_axi_smc_0' [/home/rt7085/repos/tagus_led_blinker/tagus_led_blinker.gen/sources_1/bd/led_blinker/ip/led_blinker_axi_smc_0/synth/led_blinker_axi_smc_0.v:53]
INFO: [Synth 8-6157] synthesizing module 'bd_f1cc' [/home/rt7085/repos/tagus_led_blinker/tagus_led_blinker.gen/sources_1/bd/led_blinker/ip/led_blinker_axi_smc_0/bd_0/synth/bd_f1cc.v:10]
INFO: [Synth 8-6157] synthesizing module 'clk_map_imp_12CSKG4' [/home/rt7085/repos/tagus_led_blinker/tagus_led_blinker.gen/sources_1/bd/led_blinker/ip/led_blinker_axi_smc_0/bd_0/synth/bd_f1cc.v:584]
INFO: [Synth 8-638] synthesizing module 'bd_f1cc_psr_aclk_0' [/home/rt7085/repos/tagus_led_blinker/tagus_led_blinker.gen/sources_1/bd/led_blinker/ip/led_blinker_axi_smc_0/bd_0/ip/ip_1/synth/bd_f1cc_psr_aclk_0.vhd:74]
	Parameter C_FAMILY bound to: artix7 - type: string 
	Parameter C_EXT_RST_WIDTH bound to: 4 - type: integer 
	Parameter C_AUX_RST_WIDTH bound to: 1 - type: integer 
	Parameter C_EXT_RESET_HIGH bound to: 1'b0 
	Parameter C_AUX_RESET_HIGH bound to: 1'b0 
	Parameter C_NUM_BUS_RST bound to: 1 - type: integer 
	Parameter C_NUM_PERP_RST bound to: 1 - type: integer 
	Parameter C_NUM_INTERCONNECT_ARESETN bound to: 1 - type: integer 
	Parameter C_NUM_PERP_ARESETN bound to: 1 - type: integer 
INFO: [Synth 8-3491] module 'proc_sys_reset' declared at '/home/rt7085/repos/tagus_led_blinker/tagus_led_blinker.gen/sources_1/bd/led_blinker/ipshared/9438/hdl/proc_sys_reset_v5_0_vh_rfs.vhd:1243' bound to instance 'U0' of component 'proc_sys_reset' [/home/rt7085/repos/tagus_led_blinker/tagus_led_blinker.gen/sources_1/bd/led_blinker/ip/led_blinker_axi_smc_0/bd_0/ip/ip_1/synth/bd_f1cc_psr_aclk_0.vhd:139]
INFO: [Synth 8-638] synthesizing module 'proc_sys_reset' [/home/rt7085/repos/tagus_led_blinker/tagus_led_blinker.gen/sources_1/bd/led_blinker/ipshared/9438/hdl/proc_sys_reset_v5_0_vh_rfs.vhd:1302]
	Parameter INIT bound to: 1'b1 
INFO: [Synth 8-113] binding component instance 'FDRE_inst' to cell 'FDRE' [/home/rt7085/repos/tagus_led_blinker/tagus_led_blinker.gen/sources_1/bd/led_blinker/ipshared/9438/hdl/proc_sys_reset_v5_0_vh_rfs.vhd:1371]
	Parameter INIT bound to: 1'b1 
INFO: [Synth 8-113] binding component instance 'FDRE_BSR' to cell 'FDRE' [/home/rt7085/repos/tagus_led_blinker/tagus_led_blinker.gen/sources_1/bd/led_blinker/ipshared/9438/hdl/proc_sys_reset_v5_0_vh_rfs.vhd:1387]
	Parameter INIT bound to: 1'b0 
INFO: [Synth 8-113] binding component instance 'FDRE_BSR_N' to cell 'FDRE' [/home/rt7085/repos/tagus_led_blinker/tagus_led_blinker.gen/sources_1/bd/led_blinker/ipshared/9438/hdl/proc_sys_reset_v5_0_vh_rfs.vhd:1413]
	Parameter INIT bound to: 1'b1 
INFO: [Synth 8-113] binding component instance 'FDRE_PER' to cell 'FDRE' [/home/rt7085/repos/tagus_led_blinker/tagus_led_blinker.gen/sources_1/bd/led_blinker/ipshared/9438/hdl/proc_sys_reset_v5_0_vh_rfs.vhd:1436]
	Parameter INIT bound to: 1'b0 
INFO: [Synth 8-113] binding component instance 'FDRE_PER_N' to cell 'FDRE' [/home/rt7085/repos/tagus_led_blinker/tagus_led_blinker.gen/sources_1/bd/led_blinker/ipshared/9438/hdl/proc_sys_reset_v5_0_vh_rfs.vhd:1460]
INFO: [Synth 8-638] synthesizing module 'lpf' [/home/rt7085/repos/tagus_led_blinker/tagus_led_blinker.gen/sources_1/bd/led_blinker/ipshared/9438/hdl/proc_sys_reset_v5_0_vh_rfs.vhd:821]
INFO: [Synth 8-3491] module 'SRL16' declared at '/home/rt7085/tools/xilinx/2025.2/Vivado/scripts/rt/data/unisim_comp.v:165318' bound to instance 'POR_SRL_I' of component 'SRL16' [/home/rt7085/repos/tagus_led_blinker/tagus_led_blinker.gen/sources_1/bd/led_blinker/ipshared/9438/hdl/proc_sys_reset_v5_0_vh_rfs.vhd:873]
INFO: [Synth 8-6157] synthesizing module 'SRL16' [/home/rt7085/tools/xilinx/2025.2/Vivado/scripts/rt/data/unisim_comp.v:165318]
INFO: [Synth 8-6155] done synthesizing module 'SRL16' (0#1) [/home/rt7085/tools/xilinx/2025.2/Vivado/scripts/rt/data/unisim_comp.v:165318]
	Parameter DEST_SYNC_FF bound to: 4 - type: integer 
	Parameter INIT_SYNC_FF bound to: 0 - type: integer 
	Parameter SIM_ASSERT_CHK bound to: 0 - type: integer 
	Parameter SRC_INPUT_REG bound to: 0 - type: integer 
INFO: [Synth 8-3491] module 'xpm_cdc_single' declared at '/home/rt7085/tools/xilinx/2025.2/data/ip/xpm/xpm_cdc/hdl/xpm_cdc.sv:152' bound to instance 'ACT_LO_EXT' of component 'xpm_cdc_single' [/home/rt7085/repos/tagus_led_blinker/tagus_led_blinker.gen/sources_1/bd/led_blinker/ipshared/9438/hdl/proc_sys_reset_v5_0_vh_rfs.vhd:968]
INFO: [Synth 8-6157] synthesizing module 'xpm_cdc_single' [/home/rt7085/tools/xilinx/2025.2/data/ip/xpm/xpm_cdc/hdl/xpm_cdc.sv:152]
INFO: [Synth 8-6155] done synthesizing module 'xpm_cdc_single' (0#1) [/home/rt7085/tools/xilinx/2025.2/data/ip/xpm/xpm_cdc/hdl/xpm_cdc.sv:152]
	Parameter DEST_SYNC_FF bound to: 4 - type: integer 
	Parameter INIT_SYNC_FF bound to: 0 - type: integer 
	Parameter SIM_ASSERT_CHK bound to: 0 - type: integer 
	Parameter SRC_INPUT_REG bound to: 0 - type: integer 
INFO: [Synth 8-3491] module 'xpm_cdc_single' declared at '/home/rt7085/tools/xilinx/2025.2/data/ip/xpm/xpm_cdc/hdl/xpm_cdc.sv:152' bound to instance 'ACT_LO_AUX' of component 'xpm_cdc_single' [/home/rt7085/repos/tagus_led_blinker/tagus_led_blinker.gen/sources_1/bd/led_blinker/ipshared/9438/hdl/proc_sys_reset_v5_0_vh_rfs.vhd:1015]
INFO: [Synth 8-256] done synthesizing module 'lpf' (0#1) [/home/rt7085/repos/tagus_led_blinker/tagus_led_blinker.gen/sources_1/bd/led_blinker/ipshared/9438/hdl/proc_sys_reset_v5_0_vh_rfs.vhd:821]
INFO: [Synth 8-638] synthesizing module 'sequence_psr' [/home/rt7085/repos/tagus_led_blinker/tagus_led_blinker.gen/sources_1/bd/led_blinker/ipshared/9438/hdl/proc_sys_reset_v5_0_vh_rfs.vhd:304]
INFO: [Synth 8-638] synthesizing module 'upcnt_n' [/home/rt7085/repos/tagus_led_blinker/tagus_led_blinker.gen/sources_1/bd/led_blinker/ipshared/9438/hdl/proc_sys_reset_v5_0_vh_rfs.vhd:126]
INFO: [Synth 8-256] done synthesizing module 'upcnt_n' (0#1) [/home/rt7085/repos/tagus_led_blinker/tagus_led_blinker.gen/sources_1/bd/led_blinker/ipshared/9438/hdl/proc_sys_reset_v5_0_vh_rfs.vhd:126]
INFO: [Synth 8-256] done synthesizing module 'sequence_psr' (0#1) [/home/rt7085/repos/tagus_led_blinker/tagus_led_blinker.gen/sources_1/bd/led_blinker/ipshared/9438/hdl/proc_sys_reset_v5_0_vh_rfs.vhd:304]
INFO: [Synth 8-256] done synthesizing module 'proc_sys_reset' (0#1) [/home/rt7085/repos/tagus_led_blinker/tagus_led_blinker.gen/sources_1/bd/led_blinker/ipshared/9438/hdl/proc_sys_reset_v5_0_vh_rfs.vhd:1302]
INFO: [Synth 8-256] done synthesizing module 'bd_f1cc_psr_aclk_0' (0#1) [/home/rt7085/repos/tagus_led_blinker/tagus_led_blinker.gen/sources_1/bd/led_blinker/ip/led_blinker_axi_smc_0/bd_0/ip/ip_1/synth/bd_f1cc_psr_aclk_0.vhd:74]
WARNING: [Synth 8-7071] port 'mb_reset' of module 'bd_f1cc_psr_aclk_0' is unconnected for instance 'psr_aclk' [/home/rt7085/repos/tagus_led_blinker/tagus_led_blinker.gen/sources_1/bd/led_blinker/ip/led_blinker_axi_smc_0/bd_0/synth/bd_f1cc.v:615]
WARNING: [Synth 8-7071] port 'bus_struct_reset' of module 'bd_f1cc_psr_aclk_0' is unconnected for instance 'psr_aclk' [/home/rt7085/repos/tagus_led_blinker/tagus_led_blinker.gen/sources_1/bd/led_blinker/ip/led_blinker_axi_smc_0/bd_0/synth/bd_f1cc.v:615]
WARNING: [Synth 8-7071] port 'peripheral_reset' of module 'bd_f1cc_psr_aclk_0' is unconnected for instance 'psr_aclk' [/home/rt7085/repos/tagus_led_blinker/tagus_led_blinker.gen/sources_1/bd/led_blinker/ip/led_blinker_axi_smc_0/bd_0/synth/bd_f1cc.v:615]
WARNING: [Synth 8-7071] port 'peripheral_aresetn' of module 'bd_f1cc_psr_aclk_0' is unconnected for instance 'psr_aclk' [/home/rt7085/repos/tagus_led_blinker/tagus_led_blinker.gen/sources_1/bd/led_blinker/ip/led_blinker_axi_smc_0/bd_0/synth/bd_f1cc.v:615]
WARNING: [Synth 8-7023] instance 'psr_aclk' of module 'bd_f1cc_psr_aclk_0' has 10 connections declared, but only 6 given [/home/rt7085/repos/tagus_led_blinker/tagus_led_blinker.gen/sources_1/bd/led_blinker/ip/led_blinker_axi_smc_0/bd_0/synth/bd_f1cc.v:615]
INFO: [Synth 8-6155] done synthesizing module 'clk_map_imp_12CSKG4' (0#1) [/home/rt7085/repos/tagus_led_blinker/tagus_led_blinker.gen/sources_1/bd/led_blinker/ip/led_blinker_axi_smc_0/bd_0/synth/bd_f1cc.v:584]
INFO: [Synth 8-6157] synthesizing module 'm00_exit_pipeline_imp_VSGAJJ' [/home/rt7085/repos/tagus_led_blinker/tagus_led_blinker.gen/sources_1/bd/led_blinker/ip/led_blinker_axi_smc_0/bd_0/synth/bd_f1cc.v:624]
INFO: [Synth 8-6157] synthesizing module 'bd_f1cc_m00e_0' [/home/rt7085/repos/tagus_led_blinker/tagus_led_blinker.gen/sources_1/bd/led_blinker/ip/led_blinker_axi_smc_0/bd_0/ip/ip_12/synth/bd_f1cc_m00e_0.sv:53]
INFO: [Synth 8-6157] synthesizing module 'xpm_cdc_async_rst' [/home/rt7085/tools/xilinx/2025.2/data/ip/xpm/xpm_cdc/hdl/xpm_cdc.sv:1175]
INFO: [Synth 8-6155] done synthesizing module 'xpm_cdc_async_rst' (0#1) [/home/rt7085/tools/xilinx/2025.2/data/ip/xpm/xpm_cdc/hdl/xpm_cdc.sv:1175]
INFO: [Synth 8-6155] done synthesizing module 'bd_f1cc_m00e_0' (0#1) [/home/rt7085/repos/tagus_led_blinker/tagus_led_blinker.gen/sources_1/bd/led_blinker/ip/led_blinker_axi_smc_0/bd_0/ip/ip_12/synth/bd_f1cc_m00e_0.sv:53]
INFO: [Synth 8-6155] done synthesizing module 'm00_exit_pipeline_imp_VSGAJJ' (0#1) [/home/rt7085/repos/tagus_led_blinker/tagus_led_blinker.gen/sources_1/bd/led_blinker/ip/led_blinker_axi_smc_0/bd_0/synth/bd_f1cc.v:624]
INFO: [Synth 8-6157] synthesizing module 'bd_f1cc_m00s2a_0' [/home/rt7085/repos/tagus_led_blinker/tagus_led_blinker.gen/sources_1/bd/led_blinker/ip/led_blinker_axi_smc_0/bd_0/ip/ip_11/synth/bd_f1cc_m00s2a_0.sv:53]
INFO: [Synth 8-6155] done synthesizing module 'bd_f1cc_m00s2a_0' (0#1) [/home/rt7085/repos/tagus_led_blinker/tagus_led_blinker.gen/sources_1/bd/led_blinker/ip/led_blinker_axi_smc_0/bd_0/ip/ip_11/synth/bd_f1cc_m00s2a_0.sv:53]
INFO: [Synth 8-6157] synthesizing module 'bd_f1cc_s00a2s_0' [/home/rt7085/repos/tagus_led_blinker/tagus_led_blinker.gen/sources_1/bd/led_blinker/ip/led_blinker_axi_smc_0/bd_0/ip/ip_5/synth/bd_f1cc_s00a2s_0.sv:53]
INFO: [Synth 8-6155] done synthesizing module 'bd_f1cc_s00a2s_0' (0#1) [/home/rt7085/repos/tagus_led_blinker/tagus_led_blinker.gen/sources_1/bd/led_blinker/ip/led_blinker_axi_smc_0/bd_0/ip/ip_5/synth/bd_f1cc_s00a2s_0.sv:53]
INFO: [Synth 8-6157] synthesizing module 's00_entry_pipeline_imp_1V2KQJG' [/home/rt7085/repos/tagus_led_blinker/tagus_led_blinker.gen/sources_1/bd/led_blinker/ip/led_blinker_axi_smc_0/bd_0/synth/bd_f1cc.v:866]
INFO: [Synth 8-6157] synthesizing module 'bd_f1cc_s00mmu_0' [/home/rt7085/repos/tagus_led_blinker/tagus_led_blinker.gen/sources_1/bd/led_blinker/ip/led_blinker_axi_smc_0/bd_0/ip/ip_2/synth/bd_f1cc_s00mmu_0.sv:53]
INFO: [Synth 8-6155] done synthesizing module 'bd_f1cc_s00mmu_0' (0#1) [/home/rt7085/repos/tagus_led_blinker/tagus_led_blinker.gen/sources_1/bd/led_blinker/ip/led_blinker_axi_smc_0/bd_0/ip/ip_2/synth/bd_f1cc_s00mmu_0.sv:53]
INFO: [Synth 8-6157] synthesizing module 'bd_f1cc_s00sic_0' [/home/rt7085/repos/tagus_led_blinker/tagus_led_blinker.gen/sources_1/bd/led_blinker/ip/led_blinker_axi_smc_0/bd_0/ip/ip_4/synth/bd_f1cc_s00sic_0.sv:53]
INFO: [Synth 8-6155] done synthesizing module 'bd_f1cc_s00sic_0' (0#1) [/home/rt7085/repos/tagus_led_blinker/tagus_led_blinker.gen/sources_1/bd/led_blinker/ip/led_blinker_axi_smc_0/bd_0/ip/ip_4/synth/bd_f1cc_s00sic_0.sv:53]
INFO: [Synth 8-6157] synthesizing module 'bd_f1cc_s00tr_0' [/home/rt7085/repos/tagus_led_blinker/tagus_led_blinker.gen/sources_1/bd/led_blinker/ip/led_blinker_axi_smc_0/bd_0/ip/ip_3/synth/bd_f1cc_s00tr_0.sv:53]
INFO: [Synth 8-6155] done synthesizing module 'bd_f1cc_s00tr_0' (0#1) [/home/rt7085/repos/tagus_led_blinker/tagus_led_blinker.gen/sources_1/bd/led_blinker/ip/led_blinker_axi_smc_0/bd_0/ip/ip_3/synth/bd_f1cc_s00tr_0.sv:53]
WARNING: [Synth 8-7071] port 'm_axi_awburst' of module 'bd_f1cc_s00tr_0' is unconnected for instance 's00_transaction_regulator' [/home/rt7085/repos/tagus_led_blinker/tagus_led_blinker.gen/sources_1/bd/led_blinker/ip/led_blinker_axi_smc_0/bd_0/synth/bd_f1cc.v:1265]
WARNING: [Synth 8-7071] port 'm_axi_arburst' of module 'bd_f1cc_s00tr_0' is unconnected for instance 's00_transaction_regulator' [/home/rt7085/repos/tagus_led_blinker/tagus_led_blinker.gen/sources_1/bd/led_blinker/ip/led_blinker_axi_smc_0/bd_0/synth/bd_f1cc.v:1265]
WARNING: [Synth 8-7023] instance 's00_transaction_regulator' of module 'bd_f1cc_s00tr_0' has 82 connections declared, but only 80 given [/home/rt7085/repos/tagus_led_blinker/tagus_led_blinker.gen/sources_1/bd/led_blinker/ip/led_blinker_axi_smc_0/bd_0/synth/bd_f1cc.v:1265]
INFO: [Synth 8-6155] done synthesizing module 's00_entry_pipeline_imp_1V2KQJG' (0#1) [/home/rt7085/repos/tagus_led_blinker/tagus_led_blinker.gen/sources_1/bd/led_blinker/ip/led_blinker_axi_smc_0/bd_0/synth/bd_f1cc.v:866]
INFO: [Synth 8-6157] synthesizing module 's00_nodes_imp_1R9KO5I' [/home/rt7085/repos/tagus_led_blinker/tagus_led_blinker.gen/sources_1/bd/led_blinker/ip/led_blinker_axi_smc_0/bd_0/synth/bd_f1cc.v:1348]
INFO: [Synth 8-6157] synthesizing module 'bd_f1cc_sarn_0' [/home/rt7085/repos/tagus_led_blinker/tagus_led_blinker.gen/sources_1/bd/led_blinker/ip/led_blinker_axi_smc_0/bd_0/ip/ip_6/synth/bd_f1cc_sarn_0.sv:53]
INFO: [Synth 8-6155] done synthesizing module 'bd_f1cc_sarn_0' (0#1) [/home/rt7085/repos/tagus_led_blinker/tagus_led_blinker.gen/sources_1/bd/led_blinker/ip/led_blinker_axi_smc_0/bd_0/ip/ip_6/synth/bd_f1cc_sarn_0.sv:53]
INFO: [Synth 8-6157] synthesizing module 'bd_f1cc_sawn_0' [/home/rt7085/repos/tagus_led_blinker/tagus_led_blinker.gen/sources_1/bd/led_blinker/ip/led_blinker_axi_smc_0/bd_0/ip/ip_8/synth/bd_f1cc_sawn_0.sv:53]
INFO: [Synth 8-6155] done synthesizing module 'bd_f1cc_sawn_0' (0#1) [/home/rt7085/repos/tagus_led_blinker/tagus_led_blinker.gen/sources_1/bd/led_blinker/ip/led_blinker_axi_smc_0/bd_0/ip/ip_8/synth/bd_f1cc_sawn_0.sv:53]
INFO: [Synth 8-6157] synthesizing module 'bd_f1cc_sbn_0' [/home/rt7085/repos/tagus_led_blinker/tagus_led_blinker.gen/sources_1/bd/led_blinker/ip/led_blinker_axi_smc_0/bd_0/ip/ip_10/synth/bd_f1cc_sbn_0.sv:53]
INFO: [Synth 8-6155] done synthesizing module 'bd_f1cc_sbn_0' (0#1) [/home/rt7085/repos/tagus_led_blinker/tagus_led_blinker.gen/sources_1/bd/led_blinker/ip/led_blinker_axi_smc_0/bd_0/ip/ip_10/synth/bd_f1cc_sbn_0.sv:53]
INFO: [Synth 8-6157] synthesizing module 'bd_f1cc_srn_0' [/home/rt7085/repos/tagus_led_blinker/tagus_led_blinker.gen/sources_1/bd/led_blinker/ip/led_blinker_axi_smc_0/bd_0/ip/ip_7/synth/bd_f1cc_srn_0.sv:53]
INFO: [Synth 8-6155] done synthesizing module 'bd_f1cc_srn_0' (0#1) [/home/rt7085/repos/tagus_led_blinker/tagus_led_blinker.gen/sources_1/bd/led_blinker/ip/led_blinker_axi_smc_0/bd_0/ip/ip_7/synth/bd_f1cc_srn_0.sv:53]
INFO: [Synth 8-6157] synthesizing module 'bd_f1cc_swn_0' [/home/rt7085/repos/tagus_led_blinker/tagus_led_blinker.gen/sources_1/bd/led_blinker/ip/led_blinker_axi_smc_0/bd_0/ip/ip_9/synth/bd_f1cc_swn_0.sv:53]
INFO: [Synth 8-6155] done synthesizing module 'bd_f1cc_swn_0' (0#1) [/home/rt7085/repos/tagus_led_blinker/tagus_led_blinker.gen/sources_1/bd/led_blinker/ip/led_blinker_axi_smc_0/bd_0/ip/ip_9/synth/bd_f1cc_swn_0.sv:53]
INFO: [Synth 8-6155] done synthesizing module 's00_nodes_imp_1R9KO5I' (0#1) [/home/rt7085/repos/tagus_led_blinker/tagus_led_blinker.gen/sources_1/bd/led_blinker/ip/led_blinker_axi_smc_0/bd_0/synth/bd_f1cc.v:1348]
INFO: [Synth 8-6155] done synthesizing module 'bd_f1cc' (0#1) [/home/rt7085/repos/tagus_led_blinker/tagus_led_blinker.gen/sources_1/bd/led_blinker/ip/led_blinker_axi_smc_0/bd_0/synth/bd_f1cc.v:10]
INFO: [Synth 8-6155] done synthesizing module 'led_blinker_axi_smc_0' (0#1) [/home/rt7085/repos/tagus_led_blinker/tagus_led_blinker.gen/sources_1/bd/led_blinker/ip/led_blinker_axi_smc_0/synth/led_blinker_axi_smc_0.v:53]
WARNING: [Synth 8-3848] Net aresetn_out in module/entity clk_map_imp_12CSKG4 does not have driver. [/home/rt7085/repos/tagus_led_blinker/tagus_led_blinker.gen/sources_1/bd/led_blinker/ip/led_blinker_axi_smc_0/bd_0/synth/bd_f1cc.v:600]
INFO: [Synth 8-7129] Port din[0] in module sc_util_v1_0_4_onehot_to_binary is either unconnected or has no load
INFO: [Synth 8-7129] Port aclk in module sc_util_v1_0_4_pipeline__parameterized0 is either unconnected or has no load
INFO: [Synth 8-7129] Port aclken in module sc_util_v1_0_4_pipeline__parameterized0 is either unconnected or has no load
INFO: [Synth 8-7129] Port areset in module sc_util_v1_0_4_pipeline__parameterized0 is either unconnected or has no load
INFO: [Synth 8-7129] Port slow_clk in module sc_util_v1_0_4_sample_cycle_ratio is either unconnected or has no load
INFO: [Synth 8-7129] Port fast_clk in module sc_util_v1_0_4_sample_cycle_ratio is either unconnected or has no load
INFO: [Synth 8-7129] Port aclk in module sc_util_v1_0_4_pipeline__parameterized9 is either unconnected or has no load
INFO: [Synth 8-7129] Port aclken in module sc_util_v1_0_4_pipeline__parameterized9 is either unconnected or has no load
INFO: [Synth 8-7129] Port areset in module sc_util_v1_0_4_pipeline__parameterized9 is either unconnected or has no load
INFO: [Synth 8-7129] Port aclk in module sc_node_v1_0_19_reg_slice3 is either unconnected or has no load
INFO: [Synth 8-7129] Port aclken in module sc_node_v1_0_19_reg_slice3 is either unconnected or has no load
INFO: [Synth 8-7129] Port areset in module sc_node_v1_0_19_reg_slice3 is either unconnected or has no load
INFO: [Synth 8-7129] Port aclk in module sc_util_v1_0_4_pipeline__parameterized8 is either unconnected or has no load
INFO: [Synth 8-7129] Port aclken in module sc_util_v1_0_4_pipeline__parameterized8 is either unconnected or has no load
INFO: [Synth 8-7129] Port areset in module sc_util_v1_0_4_pipeline__parameterized8 is either unconnected or has no load
INFO: [Synth 8-7129] Port aclk in module sc_node_v1_0_19_si_handler__parameterized3 is either unconnected or has no load
INFO: [Synth 8-7129] Port aclken in module sc_node_v1_0_19_si_handler__parameterized3 is either unconnected or has no load
INFO: [Synth 8-7129] Port areset in module sc_node_v1_0_19_si_handler__parameterized3 is either unconnected or has no load
INFO: [Synth 8-7129] Port s_sc_req[0] in module sc_node_v1_0_19_si_handler__parameterized3 is either unconnected or has no load
INFO: [Synth 8-7129] Port s_sc_info[0] in module sc_node_v1_0_19_si_handler__parameterized3 is either unconnected or has no load
INFO: [Synth 8-7129] Port s_axis_arb_tvalid in module sc_node_v1_0_19_si_handler__parameterized3 is either unconnected or has no load
INFO: [Synth 8-7129] Port s_axis_arb_tdata[15] in module sc_node_v1_0_19_si_handler__parameterized3 is either unconnected or has no load
INFO: [Synth 8-7129] Port s_axis_arb_tdata[14] in module sc_node_v1_0_19_si_handler__parameterized3 is either unconnected or has no load
INFO: [Synth 8-7129] Port s_axis_arb_tdata[13] in module sc_node_v1_0_19_si_handler__parameterized3 is either unconnected or has no load
INFO: [Synth 8-7129] Port s_axis_arb_tdata[12] in module sc_node_v1_0_19_si_handler__parameterized3 is either unconnected or has no load
INFO: [Synth 8-7129] Port s_axis_arb_tdata[11] in module sc_node_v1_0_19_si_handler__parameterized3 is either unconnected or has no load
INFO: [Synth 8-7129] Port s_axis_arb_tdata[10] in module sc_node_v1_0_19_si_handler__parameterized3 is either unconnected or has no load
INFO: [Synth 8-7129] Port s_axis_arb_tdata[9] in module sc_node_v1_0_19_si_handler__parameterized3 is either unconnected or has no load
INFO: [Synth 8-7129] Port s_axis_arb_tdata[8] in module sc_node_v1_0_19_si_handler__parameterized3 is either unconnected or has no load
INFO: [Synth 8-7129] Port s_axis_arb_tdata[7] in module sc_node_v1_0_19_si_handler__parameterized3 is either unconnected or has no load
INFO: [Synth 8-7129] Port s_axis_arb_tdata[6] in module sc_node_v1_0_19_si_handler__parameterized3 is either unconnected or has no load
INFO: [Synth 8-7129] Port s_axis_arb_tdata[5] in module sc_node_v1_0_19_si_handler__parameterized3 is either unconnected or has no load
INFO: [Synth 8-7129] Port s_axis_arb_tdata[4] in module sc_node_v1_0_19_si_handler__parameterized3 is either unconnected or has no load
INFO: [Synth 8-7129] Port s_axis_arb_tdata[3] in module sc_node_v1_0_19_si_handler__parameterized3 is either unconnected or has no load
INFO: [Synth 8-7129] Port s_axis_arb_tdata[2] in module sc_node_v1_0_19_si_handler__parameterized3 is either unconnected or has no load
INFO: [Synth 8-7129] Port s_axis_arb_tdata[1] in module sc_node_v1_0_19_si_handler__parameterized3 is either unconnected or has no load
INFO: [Synth 8-7129] Port s_axis_arb_tdata[0] in module sc_node_v1_0_19_si_handler__parameterized3 is either unconnected or has no load
INFO: [Synth 8-7129] Port m_axis_arb_tready in module sc_node_v1_0_19_si_handler__parameterized3 is either unconnected or has no load
INFO: [Synth 8-7129] Port aclk in module sc_util_v1_0_4_axic_register_slice is either unconnected or has no load
INFO: [Synth 8-7129] Port areset in module sc_util_v1_0_4_axic_register_slice is either unconnected or has no load
INFO: [Synth 8-7129] Port aclken in module sc_util_v1_0_4_axic_register_slice is either unconnected or has no load
INFO: [Synth 8-7129] Port m_sc_aclken in module sc_node_v1_0_19_top__parameterized3 is either unconnected or has no load
INFO: [Synth 8-7129] Port aclk in module sc_util_v1_0_4_pipeline__parameterized7 is either unconnected or has no load
INFO: [Synth 8-7129] Port aclken in module sc_util_v1_0_4_pipeline__parameterized7 is either unconnected or has no load
INFO: [Synth 8-7129] Port areset in module sc_util_v1_0_4_pipeline__parameterized7 is either unconnected or has no load
INFO: [Synth 8-7129] Port aclk in module sc_util_v1_0_4_pipeline__parameterized6 is either unconnected or has no load
INFO: [Synth 8-7129] Port aclken in module sc_util_v1_0_4_pipeline__parameterized6 is either unconnected or has no load
INFO: [Synth 8-7129] Port areset in module sc_util_v1_0_4_pipeline__parameterized6 is either unconnected or has no load
INFO: [Synth 8-7129] Port aclk in module sc_node_v1_0_19_si_handler__parameterized2 is either unconnected or has no load
INFO: [Synth 8-7129] Port aclken in module sc_node_v1_0_19_si_handler__parameterized2 is either unconnected or has no load
INFO: [Synth 8-7129] Port areset in module sc_node_v1_0_19_si_handler__parameterized2 is either unconnected or has no load
INFO: [Synth 8-7129] Port s_sc_req[0] in module sc_node_v1_0_19_si_handler__parameterized2 is either unconnected or has no load
INFO: [Synth 8-7129] Port s_sc_info[0] in module sc_node_v1_0_19_si_handler__parameterized2 is either unconnected or has no load
INFO: [Synth 8-7129] Port s_axis_arb_tvalid in module sc_node_v1_0_19_si_handler__parameterized2 is either unconnected or has no load
INFO: [Synth 8-7129] Port s_axis_arb_tdata[15] in module sc_node_v1_0_19_si_handler__parameterized2 is either unconnected or has no load
INFO: [Synth 8-7129] Port s_axis_arb_tdata[14] in module sc_node_v1_0_19_si_handler__parameterized2 is either unconnected or has no load
INFO: [Synth 8-7129] Port s_axis_arb_tdata[13] in module sc_node_v1_0_19_si_handler__parameterized2 is either unconnected or has no load
INFO: [Synth 8-7129] Port s_axis_arb_tdata[12] in module sc_node_v1_0_19_si_handler__parameterized2 is either unconnected or has no load
INFO: [Synth 8-7129] Port s_axis_arb_tdata[11] in module sc_node_v1_0_19_si_handler__parameterized2 is either unconnected or has no load
INFO: [Synth 8-7129] Port s_axis_arb_tdata[10] in module sc_node_v1_0_19_si_handler__parameterized2 is either unconnected or has no load
INFO: [Synth 8-7129] Port s_axis_arb_tdata[9] in module sc_node_v1_0_19_si_handler__parameterized2 is either unconnected or has no load
INFO: [Synth 8-7129] Port s_axis_arb_tdata[8] in module sc_node_v1_0_19_si_handler__parameterized2 is either unconnected or has no load
INFO: [Synth 8-7129] Port s_axis_arb_tdata[7] in module sc_node_v1_0_19_si_handler__parameterized2 is either unconnected or has no load
INFO: [Synth 8-7129] Port s_axis_arb_tdata[6] in module sc_node_v1_0_19_si_handler__parameterized2 is either unconnected or has no load
INFO: [Synth 8-7129] Port s_axis_arb_tdata[5] in module sc_node_v1_0_19_si_handler__parameterized2 is either unconnected or has no load
INFO: [Synth 8-7129] Port s_axis_arb_tdata[4] in module sc_node_v1_0_19_si_handler__parameterized2 is either unconnected or has no load
INFO: [Synth 8-7129] Port s_axis_arb_tdata[3] in module sc_node_v1_0_19_si_handler__parameterized2 is either unconnected or has no load
INFO: [Synth 8-7129] Port s_axis_arb_tdata[2] in module sc_node_v1_0_19_si_handler__parameterized2 is either unconnected or has no load
INFO: [Synth 8-7129] Port s_axis_arb_tdata[1] in module sc_node_v1_0_19_si_handler__parameterized2 is either unconnected or has no load
INFO: [Synth 8-7129] Port s_axis_arb_tdata[0] in module sc_node_v1_0_19_si_handler__parameterized2 is either unconnected or has no load
INFO: [Synth 8-7129] Port m_axis_arb_tready in module sc_node_v1_0_19_si_handler__parameterized2 is either unconnected or has no load
INFO: [Synth 8-7129] Port m_sc_aclken in module sc_node_v1_0_19_top__parameterized2 is either unconnected or has no load
INFO: [Synth 8-7129] Port aclk in module sc_util_v1_0_4_pipeline__parameterized5 is either unconnected or has no load
INFO: [Synth 8-7129] Port aclken in module sc_util_v1_0_4_pipeline__parameterized5 is either unconnected or has no load
INFO: [Synth 8-7129] Port areset in module sc_util_v1_0_4_pipeline__parameterized5 is either unconnected or has no load
INFO: [Synth 8-7129] Port aclk in module sc_util_v1_0_4_pipeline__parameterized4 is either unconnected or has no load
INFO: [Synth 8-7129] Port aclken in module sc_util_v1_0_4_pipeline__parameterized4 is either unconnected or has no load
INFO: [Synth 8-7129] Port areset in module sc_util_v1_0_4_pipeline__parameterized4 is either unconnected or has no load
INFO: [Synth 8-7129] Port aclk in module sc_node_v1_0_19_si_handler__parameterized1 is either unconnected or has no load
INFO: [Synth 8-7129] Port aclken in module sc_node_v1_0_19_si_handler__parameterized1 is either unconnected or has no load
INFO: [Synth 8-7129] Port areset in module sc_node_v1_0_19_si_handler__parameterized1 is either unconnected or has no load
INFO: [Synth 8-7129] Port s_sc_req[0] in module sc_node_v1_0_19_si_handler__parameterized1 is either unconnected or has no load
INFO: [Synth 8-7129] Port s_sc_info[0] in module sc_node_v1_0_19_si_handler__parameterized1 is either unconnected or has no load
INFO: [Synth 8-7129] Port s_axis_arb_tvalid in module sc_node_v1_0_19_si_handler__parameterized1 is either unconnected or has no load
INFO: [Synth 8-7129] Port s_axis_arb_tdata[15] in module sc_node_v1_0_19_si_handler__parameterized1 is either unconnected or has no load
INFO: [Synth 8-7129] Port s_axis_arb_tdata[14] in module sc_node_v1_0_19_si_handler__parameterized1 is either unconnected or has no load
INFO: [Synth 8-7129] Port s_axis_arb_tdata[13] in module sc_node_v1_0_19_si_handler__parameterized1 is either unconnected or has no load
INFO: [Synth 8-7129] Port s_axis_arb_tdata[12] in module sc_node_v1_0_19_si_handler__parameterized1 is either unconnected or has no load
INFO: [Synth 8-7129] Port s_axis_arb_tdata[11] in module sc_node_v1_0_19_si_handler__parameterized1 is either unconnected or has no load
INFO: [Synth 8-7129] Port s_axis_arb_tdata[10] in module sc_node_v1_0_19_si_handler__parameterized1 is either unconnected or has no load
INFO: [Synth 8-7129] Port s_axis_arb_tdata[9] in module sc_node_v1_0_19_si_handler__parameterized1 is either unconnected or has no load
INFO: [Synth 8-7129] Port s_axis_arb_tdata[8] in module sc_node_v1_0_19_si_handler__parameterized1 is either unconnected or has no load
INFO: [Synth 8-7129] Port s_axis_arb_tdata[7] in module sc_node_v1_0_19_si_handler__parameterized1 is either unconnected or has no load
INFO: [Synth 8-7129] Port s_axis_arb_tdata[6] in module sc_node_v1_0_19_si_handler__parameterized1 is either unconnected or has no load
INFO: [Synth 8-7129] Port s_axis_arb_tdata[5] in module sc_node_v1_0_19_si_handler__parameterized1 is either unconnected or has no load
INFO: [Synth 8-7129] Port s_axis_arb_tdata[4] in module sc_node_v1_0_19_si_handler__parameterized1 is either unconnected or has no load
INFO: [Synth 8-7129] Port s_axis_arb_tdata[3] in module sc_node_v1_0_19_si_handler__parameterized1 is either unconnected or has no load
INFO: [Synth 8-7129] Port s_axis_arb_tdata[2] in module sc_node_v1_0_19_si_handler__parameterized1 is either unconnected or has no load
INFO: [Synth 8-7129] Port s_axis_arb_tdata[1] in module sc_node_v1_0_19_si_handler__parameterized1 is either unconnected or has no load
INFO: [Synth 8-7129] Port s_axis_arb_tdata[0] in module sc_node_v1_0_19_si_handler__parameterized1 is either unconnected or has no load
INFO: [Common 17-14] Message 'Synth 8-7129' appears 100 times and further instances of the messages will be disabled. Use the Tcl command set_msg_config to change the current settings.
---------------------------------------------------------------------------------
Finished RTL Elaboration : Time (s): cpu = 00:00:05 ; elapsed = 00:00:06 . Memory (MB): peak = 2482.078 ; gain = 680.383 ; free physical = 310 ; free virtual = 1680
---------------------------------------------------------------------------------
---------------------------------------------------------------------------------
Start Handling Custom Attributes
---------------------------------------------------------------------------------
---------------------------------------------------------------------------------
Finished Handling Custom Attributes : Time (s): cpu = 00:00:05 ; elapsed = 00:00:06 . Memory (MB): peak = 2488.016 ; gain = 686.320 ; free physical = 327 ; free virtual = 1697
---------------------------------------------------------------------------------
---------------------------------------------------------------------------------
Finished RTL Optimization Phase 1 : Time (s): cpu = 00:00:05 ; elapsed = 00:00:06 . Memory (MB): peak = 2488.016 ; gain = 686.320 ; free physical = 327 ; free virtual = 1698
---------------------------------------------------------------------------------
Netlist sorting complete. Time (s): cpu = 00:00:00.35 ; elapsed = 00:00:00.34 . Memory (MB): peak = 2490.984 ; gain = 0.000 ; free physical = 251 ; free virtual = 1615
INFO: [Netlist 29-17] Analyzing 1 Unisim elements for replacement
INFO: [Netlist 29-28] Unisim Transformation completed in 0 CPU seconds
INFO: [Project 1-570] Preparing netlist for logic optimization

Processing XDC Constraints
Initializing timing engine
Parsing XDC File [/home/rt7085/repos/tagus_led_blinker/tagus_led_blinker.gen/sources_1/bd/led_blinker/ip/led_blinker_axi_smc_0/ooc.xdc] for cell 'inst'
Finished Parsing XDC File [/home/rt7085/repos/tagus_led_blinker/tagus_led_blinker.gen/sources_1/bd/led_blinker/ip/led_blinker_axi_smc_0/ooc.xdc] for cell 'inst'
Parsing XDC File [/home/rt7085/repos/tagus_led_blinker/tagus_led_blinker.gen/sources_1/bd/led_blinker/ip/led_blinker_axi_smc_0/bd_0/ip/ip_1/bd_f1cc_psr_aclk_0_board.xdc] for cell 'inst/clk_map/psr_aclk/U0'
Finished Parsing XDC File [/home/rt7085/repos/tagus_led_blinker/tagus_led_blinker.gen/sources_1/bd/led_blinker/ip/led_blinker_axi_smc_0/bd_0/ip/ip_1/bd_f1cc_psr_aclk_0_board.xdc] for cell 'inst/clk_map/psr_aclk/U0'
Parsing XDC File [/home/rt7085/repos/tagus_led_blinker/tagus_led_blinker.gen/sources_1/bd/led_blinker/ip/led_blinker_axi_smc_0/smartconnect.xdc] for cell 'inst'
Finished Parsing XDC File [/home/rt7085/repos/tagus_led_blinker/tagus_led_blinker.gen/sources_1/bd/led_blinker/ip/led_blinker_axi_smc_0/smartconnect.xdc] for cell 'inst'
Parsing XDC File [/home/rt7085/repos/tagus_led_blinker/tagus_led_blinker.runs/led_blinker_axi_smc_0_synth_1/dont_touch.xdc]
Finished Parsing XDC File [/home/rt7085/repos/tagus_led_blinker/tagus_led_blinker.runs/led_blinker_axi_smc_0_synth_1/dont_touch.xdc]
INFO: [Project 1-236] Implementation specific constraints were found while reading constraint file [/home/rt7085/tools/xilinx/2025.2/data/ip/xpm/xpm_cdc/tcl/xpm_cdc_single.tcl]. These constraints will be ignored for synthesis but will be used in implementation. Impacted constraints are listed in the file [.Xil/led_blinker_axi_smc_0_propImpl.xdc].
Resolution: To avoid this warning, move constraints listed in [.Xil/led_blinker_axi_smc_0_propImpl.xdc] to another XDC file and exclude this new file from synthesis with the used_in_synthesis property (File Properties dialog in GUI) and re-run elaboration/synthesis.
INFO: [Project 1-1714] 16 XPM XDC files have been applied to the design.
Completed Processing XDC Constraints

Netlist sorting complete. Time (s): cpu = 00:00:00 ; elapsed = 00:00:00 . Memory (MB): peak = 2631.691 ; gain = 0.000 ; free physical = 194 ; free virtual = 1529
INFO: [Project 1-111] Unisim Transformation Summary:
  A total of 1 instances were transformed.
  SRL16 => SRL16E: 1 instance 

Constraint Validation Runtime : Time (s): cpu = 00:00:00.02 ; elapsed = 00:00:00.03 . Memory (MB): peak = 2631.727 ; gain = 0.000 ; free physical = 193 ; free virtual = 1529
INFO: [Designutils 20-5008] Incremental synthesis strategy off
---------------------------------------------------------------------------------
Finished Constraint Validation : Time (s): cpu = 00:00:13 ; elapsed = 00:00:14 . Memory (MB): peak = 2631.727 ; gain = 830.031 ; free physical = 332 ; free virtual = 1377
---------------------------------------------------------------------------------
---------------------------------------------------------------------------------
Start Loading Part and Timing Information
---------------------------------------------------------------------------------
Loading part: xc7a200tfbg484-2
---------------------------------------------------------------------------------
Finished Loading Part and Timing Information : Time (s): cpu = 00:00:13 ; elapsed = 00:00:14 . Memory (MB): peak = 2639.695 ; gain = 838.000 ; free physical = 332 ; free virtual = 1377
---------------------------------------------------------------------------------
---------------------------------------------------------------------------------
Start Applying 'set_property' XDC Constraints
---------------------------------------------------------------------------------
---------------------------------------------------------------------------------
Finished applying 'set_property' XDC Constraints : Time (s): cpu = 00:00:13 ; elapsed = 00:00:14 . Memory (MB): peak = 2639.695 ; gain = 838.000 ; free physical = 332 ; free virtual = 1377
---------------------------------------------------------------------------------
---------------------------------------------------------------------------------
Finished RTL Optimization Phase 2 : Time (s): cpu = 00:00:14 ; elapsed = 00:00:15 . Memory (MB): peak = 2639.695 ; gain = 838.000 ; free physical = 197 ; free virtual = 1260
---------------------------------------------------------------------------------
---------------------------------------------------------------------------------
Start RTL Component Statistics 
---------------------------------------------------------------------------------
---------------------------------------------------------------------------------
Finished RTL Component Statistics 
---------------------------------------------------------------------------------
---------------------------------------------------------------------------------
Start Part Resource Summary
---------------------------------------------------------------------------------
Part Resources:
DSPs: 740 (col length:100)
BRAMs: 730 (col length: RAMB18 100 RAMB36 50)
---------------------------------------------------------------------------------
Finished Part Resource Summary
---------------------------------------------------------------------------------
---------------------------------------------------------------------------------
Start Cross Boundary and Area Optimization
---------------------------------------------------------------------------------
WARNING: [Synth 8-3332] Sequential element (clk_map/psr_aclk/U0/FDRE_inst) is unused and will be removed from module bd_f1cc.
WARNING: [Synth 8-3332] Sequential element (clk_map/psr_aclk/U0/BSR_OUT_DFF[0].FDRE_BSR) is unused and will be removed from module bd_f1cc.
WARNING: [Synth 8-3332] Sequential element (clk_map/psr_aclk/U0/PR_OUT_DFF[0].FDRE_PER) is unused and will be removed from module bd_f1cc.
WARNING: [Synth 8-3332] Sequential element (clk_map/psr_aclk/U0/ACTIVE_LOW_PR_OUT_DFF[0].FDRE_PER_N) is unused and will be removed from module bd_f1cc.
INFO: [Synth 8-3332] Sequential element (exit_inst/gen_w_cmd_reg.m_write_cmd_mesg_i_reg) is unused and will be removed from module sc_exit_v1_0_18_top.
INFO: [Synth 8-3332] Sequential element (exit_inst/gen_r_cmd_reg.m_read_cmd_mesg_i_reg) is unused and will be removed from module sc_exit_v1_0_18_top.
---------------------------------------------------------------------------------
Finished Cross Boundary and Area Optimization : Time (s): cpu = 00:00:15 ; elapsed = 00:00:16 . Memory (MB): peak = 2639.695 ; gain = 838.000 ; free physical = 332 ; free virtual = 1406
---------------------------------------------------------------------------------
---------------------------------------------------------------------------------
Start Applying XDC Timing Constraints
---------------------------------------------------------------------------------
---------------------------------------------------------------------------------
Finished Applying XDC Timing Constraints : Time (s): cpu = 00:00:18 ; elapsed = 00:00:19 . Memory (MB): peak = 2639.695 ; gain = 838.000 ; free physical = 1395 ; free virtual = 2563
---------------------------------------------------------------------------------
---------------------------------------------------------------------------------
Start Timing Optimization
---------------------------------------------------------------------------------
---------------------------------------------------------------------------------
Finished Timing Optimization : Time (s): cpu = 00:00:18 ; elapsed = 00:00:19 . Memory (MB): peak = 2639.695 ; gain = 838.000 ; free physical = 1384 ; free virtual = 2554
---------------------------------------------------------------------------------
---------------------------------------------------------------------------------
Start Technology Mapping
---------------------------------------------------------------------------------
---------------------------------------------------------------------------------
Finished Technology Mapping : Time (s): cpu = 00:00:18 ; elapsed = 00:00:19 . Memory (MB): peak = 2655.711 ; gain = 854.016 ; free physical = 1249 ; free virtual = 2424
---------------------------------------------------------------------------------
---------------------------------------------------------------------------------
Start IO Insertion
---------------------------------------------------------------------------------
---------------------------------------------------------------------------------
Start Flattening Before IO Insertion
---------------------------------------------------------------------------------
---------------------------------------------------------------------------------
Finished Flattening Before IO Insertion
---------------------------------------------------------------------------------
---------------------------------------------------------------------------------
Start Final Netlist Cleanup
---------------------------------------------------------------------------------
---------------------------------------------------------------------------------
Finished Final Netlist Cleanup
---------------------------------------------------------------------------------
---------------------------------------------------------------------------------
Finished IO Insertion : Time (s): cpu = 00:00:20 ; elapsed = 00:00:22 . Memory (MB): peak = 2819.523 ; gain = 1017.828 ; free physical = 925 ; free virtual = 2161
---------------------------------------------------------------------------------
---------------------------------------------------------------------------------
Start Renaming Generated Instances
---------------------------------------------------------------------------------
---------------------------------------------------------------------------------
Finished Renaming Generated Instances : Time (s): cpu = 00:00:20 ; elapsed = 00:00:22 . Memory (MB): peak = 2819.523 ; gain = 1017.828 ; free physical = 925 ; free virtual = 2161
---------------------------------------------------------------------------------
---------------------------------------------------------------------------------
Start Rebuilding User Hierarchy
---------------------------------------------------------------------------------
---------------------------------------------------------------------------------
Finished Rebuilding User Hierarchy : Time (s): cpu = 00:00:20 ; elapsed = 00:00:22 . Memory (MB): peak = 2819.523 ; gain = 1017.828 ; free physical = 917 ; free virtual = 2153
---------------------------------------------------------------------------------
---------------------------------------------------------------------------------
Start Renaming Generated Ports
---------------------------------------------------------------------------------
---------------------------------------------------------------------------------
Finished Renaming Generated Ports : Time (s): cpu = 00:00:20 ; elapsed = 00:00:22 . Memory (MB): peak = 2819.523 ; gain = 1017.828 ; free physical = 917 ; free virtual = 2153
---------------------------------------------------------------------------------
---------------------------------------------------------------------------------
Start Handling Custom Attributes
---------------------------------------------------------------------------------
---------------------------------------------------------------------------------
Finished Handling Custom Attributes : Time (s): cpu = 00:00:20 ; elapsed = 00:00:22 . Memory (MB): peak = 2819.523 ; gain = 1017.828 ; free physical = 917 ; free virtual = 2153
---------------------------------------------------------------------------------
---------------------------------------------------------------------------------
Start Renaming Generated Nets
---------------------------------------------------------------------------------
---------------------------------------------------------------------------------
Finished Renaming Generated Nets : Time (s): cpu = 00:00:20 ; elapsed = 00:00:22 . Memory (MB): peak = 2819.523 ; gain = 1017.828 ; free physical = 917 ; free virtual = 2153
---------------------------------------------------------------------------------
---------------------------------------------------------------------------------
Start Writing Synthesis Report
---------------------------------------------------------------------------------

Report BlackBoxes: 
+-+--------------+----------+
| |BlackBox name |Instances |
+-+--------------+----------+
+-+--------------+----------+

Report Cell Usage: 
+------+------+------+
|      |Cell  |Count |
+------+------+------+
|1     |LUT1  |    51|
|2     |LUT2  |    30|
|3     |LUT3  |    15|
|4     |LUT4  |     7|
|5     |LUT5  |     4|
|6     |LUT6  |    34|
|7     |SRL16 |     1|
|8     |FDCE  |    42|
|9     |FDRE  |   178|
|10    |FDSE  |     8|
+------+------+------+
---------------------------------------------------------------------------------
Finished Writing Synthesis Report : Time (s): cpu = 00:00:20 ; elapsed = 00:00:22 . Memory (MB): peak = 2819.523 ; gain = 1017.828 ; free physical = 917 ; free virtual = 2153
---------------------------------------------------------------------------------
Synthesis finished with 0 errors, 0 critical warnings and 4 warnings.
Synthesis Optimization Runtime : Time (s): cpu = 00:00:16 ; elapsed = 00:00:18 . Memory (MB): peak = 2819.523 ; gain = 874.117 ; free physical = 910 ; free virtual = 2145
Synthesis Optimization Complete : Time (s): cpu = 00:00:20 ; elapsed = 00:00:22 . Memory (MB): peak = 2819.531 ; gain = 1017.828 ; free physical = 910 ; free virtual = 2145
INFO: [Project 1-571] Translating synthesized netlist
Netlist sorting complete. Time (s): cpu = 00:00:00.05 ; elapsed = 00:00:00.05 . Memory (MB): peak = 2819.531 ; gain = 0.000 ; free physical = 942 ; free virtual = 2177
INFO: [Netlist 29-17] Analyzing 1 Unisim elements for replacement
INFO: [Netlist 29-28] Unisim Transformation completed in 0 CPU seconds
INFO: [Project 1-570] Preparing netlist for logic optimization
INFO: [Opt 31-138] Pushed 0 inverter(s) to 0 load pin(s).
Netlist sorting complete. Time (s): cpu = 00:00:00 ; elapsed = 00:00:00 . Memory (MB): peak = 2875.551 ; gain = 0.000 ; free physical = 3781 ; free virtual = 5023
INFO: [Project 1-111] Unisim Transformation Summary:
  A total of 1 instances were transformed.
  SRL16 => SRL16E: 1 instance 

Synth Design complete | Checksum: 9695c3ea
INFO: [Common 17-83] Releasing license: Synthesis
181 Infos, 13 Warnings, 0 Critical Warnings and 0 Errors encountered.
synth_design completed successfully
synth_design: Time (s): cpu = 00:00:25 ; elapsed = 00:00:25 . Memory (MB): peak = 2875.586 ; gain = 1265.883 ; free physical = 3773 ; free virtual = 5015
INFO: [Common 17-2834] synth_design peak Physical Memory [PSS] (MB): overall = 1876.899; main = 1876.899; forked = 210.982
INFO: [Common 17-2834] synth_design peak Virtual Memory [VSS] (MB): overall = 3670.930; main = 2875.555; forked = 994.215
Write ShapeDB Complete: Time (s): cpu = 00:00:00 ; elapsed = 00:00:00 . Memory (MB): peak = 2899.562 ; gain = 0.000 ; free physical = 3773 ; free virtual = 5015
INFO: [Common 17-1381] The checkpoint '/home/rt7085/repos/tagus_led_blinker/tagus_led_blinker.runs/led_blinker_axi_smc_0_synth_1/led_blinker_axi_smc_0.dcp' has been generated.
INFO: [Coretcl 2-1648] Added synthesis output to IP cache for IP led_blinker_axi_smc_0, cache-ID = 8ef5d4cfcb7a8d84
INFO: [Coretcl 2-1174] Renamed 72 cell refs.
Write ShapeDB Complete: Time (s): cpu = 00:00:00 ; elapsed = 00:00:00.01 . Memory (MB): peak = 2899.562 ; gain = 0.000 ; free physical = 3452 ; free virtual = 4701
INFO: [Common 17-1381] The checkpoint '/home/rt7085/repos/tagus_led_blinker/tagus_led_blinker.runs/led_blinker_axi_smc_0_synth_1/led_blinker_axi_smc_0.dcp' has been generated.
INFO: [Vivado 12-24828] Executing command : report_utilization -file led_blinker_axi_smc_0_utilization_synth.rpt -pb led_blinker_axi_smc_0_utilization_synth.pb
INFO: [Common 17-206] Exiting Vivado at Sun May 10 15:46:24 2026...
