
*** Running vivado
    with args -log led_blinker_clk_wiz_0.vds -m64 -product Vivado -mode batch -messageDb vivado.pb -notrace -source led_blinker_clk_wiz_0.tcl


****** Vivado v2025.2 (64-bit)
  **** SW Build 6299465 on Fri Nov 14 12:34:56 MST 2025
  **** IP Build 6300035 on Fri Nov 14 10:48:45 MST 2025
  **** SharedData Build 6298862 on Thu Nov 13 04:50:51 MST 2025
  **** Start of session at: Sun May 10 08:32:58 2026
    ** Copyright 1986-2022 Xilinx, Inc. All Rights Reserved.
    ** Copyright 2022-2025 Advanced Micro Devices, Inc. All Rights Reserved.

source led_blinker_clk_wiz_0.tcl -notrace
Command: synth_design -top led_blinker_clk_wiz_0 -part xc7a200tfbg484-2 -incremental_mode off -mode out_of_context
Starting synth_design
Attempting to get a license for feature 'Synthesis' and/or device 'xc7a200t'
INFO: [Common 17-349] Got license for feature 'Synthesis' and/or device 'xc7a200t'
INFO: [Device 21-403] Loading part xc7a200tfbg484-2
INFO: [Synth 8-7079] Multithreading enabled for synth_design using a maximum of 7 processes.
INFO: [Synth 8-7078] Launching helper process for spawning children vivado processes
INFO: [Synth 8-7075] Helper process launched with PID 877154
---------------------------------------------------------------------------------
Starting RTL Elaboration : Time (s): cpu = 00:00:03 ; elapsed = 00:00:03 . Memory (MB): peak = 2266.965 ; gain = 481.273 ; free physical = 538 ; free virtual = 2670
---------------------------------------------------------------------------------
INFO: [Synth 8-6157] synthesizing module 'led_blinker_clk_wiz_0' [/home/rt7085/repos/tagus_led_blinker/tagus_led_blinker.gen/sources_1/bd/led_blinker/ip/led_blinker_clk_wiz_0/led_blinker_clk_wiz_0.v:66]
INFO: [Synth 8-6157] synthesizing module 'led_blinker_clk_wiz_0_clk_wiz' [/home/rt7085/repos/tagus_led_blinker/tagus_led_blinker.gen/sources_1/bd/led_blinker/ip/led_blinker_clk_wiz_0/led_blinker_clk_wiz_0_clk_wiz.v:66]
INFO: [Synth 8-6157] synthesizing module 'IBUF' [/home/rt7085/tools/xilinx/2025.2/Vivado/scripts/rt/data/unisim_comp.v:82804]
INFO: [Synth 8-6155] done synthesizing module 'IBUF' (0#1) [/home/rt7085/tools/xilinx/2025.2/Vivado/scripts/rt/data/unisim_comp.v:82804]
INFO: [Synth 8-6157] synthesizing module 'MMCME2_ADV' [/home/rt7085/tools/xilinx/2025.2/Vivado/scripts/rt/data/unisim_comp.v:95844]
	Parameter BANDWIDTH bound to: OPTIMIZED - type: string 
	Parameter CLKFBOUT_MULT_F bound to: 8.000000e+00 - type: double 
	Parameter CLKFBOUT_PHASE bound to: 0.000000e+00 - type: double 
	Parameter CLKFBOUT_USE_FINE_PS bound to: FALSE - type: string 
	Parameter CLKIN1_PERIOD bound to: 1.000000e+01 - type: double 
	Parameter CLKOUT0_DIVIDE_F bound to: 8.000000e+00 - type: double 
	Parameter CLKOUT0_DUTY_CYCLE bound to: 5.000000e-01 - type: double 
	Parameter CLKOUT0_PHASE bound to: 0.000000e+00 - type: double 
	Parameter CLKOUT0_USE_FINE_PS bound to: FALSE - type: string 
	Parameter CLKOUT1_DIVIDE bound to: 2 - type: integer 
	Parameter CLKOUT1_DUTY_CYCLE bound to: 5.000000e-01 - type: double 
	Parameter CLKOUT1_PHASE bound to: 0.000000e+00 - type: double 
	Parameter CLKOUT1_USE_FINE_PS bound to: FALSE - type: string 
	Parameter CLKOUT4_CASCADE bound to: FALSE - type: string 
	Parameter COMPENSATION bound to: ZHOLD - type: string 
	Parameter DIVCLK_DIVIDE bound to: 1 - type: integer 
	Parameter STARTUP_WAIT bound to: FALSE - type: string 
INFO: [Synth 8-6155] done synthesizing module 'MMCME2_ADV' (0#1) [/home/rt7085/tools/xilinx/2025.2/Vivado/scripts/rt/data/unisim_comp.v:95844]
INFO: [Synth 8-6157] synthesizing module 'BUFG' [/home/rt7085/tools/xilinx/2025.2/Vivado/scripts/rt/data/unisim_comp.v:2678]
INFO: [Synth 8-6155] done synthesizing module 'BUFG' (0#1) [/home/rt7085/tools/xilinx/2025.2/Vivado/scripts/rt/data/unisim_comp.v:2678]
INFO: [Synth 8-6155] done synthesizing module 'led_blinker_clk_wiz_0_clk_wiz' (0#1) [/home/rt7085/repos/tagus_led_blinker/tagus_led_blinker.gen/sources_1/bd/led_blinker/ip/led_blinker_clk_wiz_0/led_blinker_clk_wiz_0_clk_wiz.v:66]
INFO: [Synth 8-6155] done synthesizing module 'led_blinker_clk_wiz_0' (0#1) [/home/rt7085/repos/tagus_led_blinker/tagus_led_blinker.gen/sources_1/bd/led_blinker/ip/led_blinker_clk_wiz_0/led_blinker_clk_wiz_0.v:66]
---------------------------------------------------------------------------------
Finished RTL Elaboration : Time (s): cpu = 00:00:04 ; elapsed = 00:00:04 . Memory (MB): peak = 2354.934 ; gain = 569.242 ; free physical = 269 ; free virtual = 2337
---------------------------------------------------------------------------------
---------------------------------------------------------------------------------
Start Handling Custom Attributes
---------------------------------------------------------------------------------
---------------------------------------------------------------------------------
Finished Handling Custom Attributes : Time (s): cpu = 00:00:04 ; elapsed = 00:00:04 . Memory (MB): peak = 2369.777 ; gain = 584.086 ; free physical = 263 ; free virtual = 2337
---------------------------------------------------------------------------------
---------------------------------------------------------------------------------
Finished RTL Optimization Phase 1 : Time (s): cpu = 00:00:04 ; elapsed = 00:00:04 . Memory (MB): peak = 2369.777 ; gain = 584.086 ; free physical = 263 ; free virtual = 2337
---------------------------------------------------------------------------------
Netlist sorting complete. Time (s): cpu = 00:00:00 ; elapsed = 00:00:00 . Memory (MB): peak = 2375.715 ; gain = 0.000 ; free physical = 252 ; free virtual = 2330
INFO: [Netlist 29-17] Analyzing 1 Unisim elements for replacement
INFO: [Netlist 29-28] Unisim Transformation completed in 0 CPU seconds
INFO: [Project 1-570] Preparing netlist for logic optimization

Processing XDC Constraints
Initializing timing engine
Parsing XDC File [/home/rt7085/repos/tagus_led_blinker/tagus_led_blinker.gen/sources_1/bd/led_blinker/ip/led_blinker_clk_wiz_0/led_blinker_clk_wiz_0_ooc.xdc] for cell 'inst'
Finished Parsing XDC File [/home/rt7085/repos/tagus_led_blinker/tagus_led_blinker.gen/sources_1/bd/led_blinker/ip/led_blinker_clk_wiz_0/led_blinker_clk_wiz_0_ooc.xdc] for cell 'inst'
Parsing XDC File [/home/rt7085/repos/tagus_led_blinker/tagus_led_blinker.gen/sources_1/bd/led_blinker/ip/led_blinker_clk_wiz_0/led_blinker_clk_wiz_0_board.xdc] for cell 'inst'
Finished Parsing XDC File [/home/rt7085/repos/tagus_led_blinker/tagus_led_blinker.gen/sources_1/bd/led_blinker/ip/led_blinker_clk_wiz_0/led_blinker_clk_wiz_0_board.xdc] for cell 'inst'
Parsing XDC File [/home/rt7085/repos/tagus_led_blinker/tagus_led_blinker.gen/sources_1/bd/led_blinker/ip/led_blinker_clk_wiz_0/led_blinker_clk_wiz_0.xdc] for cell 'inst'
Finished Parsing XDC File [/home/rt7085/repos/tagus_led_blinker/tagus_led_blinker.gen/sources_1/bd/led_blinker/ip/led_blinker_clk_wiz_0/led_blinker_clk_wiz_0.xdc] for cell 'inst'
INFO: [Project 1-236] Implementation specific constraints were found while reading constraint file [/home/rt7085/repos/tagus_led_blinker/tagus_led_blinker.gen/sources_1/bd/led_blinker/ip/led_blinker_clk_wiz_0/led_blinker_clk_wiz_0.xdc]. These constraints will be ignored for synthesis but will be used in implementation. Impacted constraints are listed in the file [.Xil/led_blinker_clk_wiz_0_propImpl.xdc].
Resolution: To avoid this warning, move constraints listed in [.Xil/led_blinker_clk_wiz_0_propImpl.xdc] to another XDC file and exclude this new file from synthesis with the used_in_synthesis property (File Properties dialog in GUI) and re-run elaboration/synthesis.
INFO: [Timing 38-2] Deriving generated clocks
Parsing XDC File [/home/rt7085/repos/tagus_led_blinker/tagus_led_blinker.runs/led_blinker_clk_wiz_0_synth_1/dont_touch.xdc]
Finished Parsing XDC File [/home/rt7085/repos/tagus_led_blinker/tagus_led_blinker.runs/led_blinker_clk_wiz_0_synth_1/dont_touch.xdc]
Completed Processing XDC Constraints

Netlist sorting complete. Time (s): cpu = 00:00:00 ; elapsed = 00:00:00 . Memory (MB): peak = 2415.734 ; gain = 0.000 ; free physical = 214 ; free virtual = 2324
INFO: [Project 1-111] Unisim Transformation Summary:
No Unisim elements were transformed.

Constraint Validation Runtime : Time (s): cpu = 00:00:00 ; elapsed = 00:00:00.01 . Memory (MB): peak = 2415.770 ; gain = 0.000 ; free physical = 214 ; free virtual = 2323
INFO: [Designutils 20-5008] Incremental synthesis strategy off
---------------------------------------------------------------------------------
Finished Constraint Validation : Time (s): cpu = 00:00:08 ; elapsed = 00:00:09 . Memory (MB): peak = 2415.770 ; gain = 630.078 ; free physical = 155 ; free virtual = 2034
---------------------------------------------------------------------------------
---------------------------------------------------------------------------------
Start Loading Part and Timing Information
---------------------------------------------------------------------------------
Loading part: xc7a200tfbg484-2
---------------------------------------------------------------------------------
Finished Loading Part and Timing Information : Time (s): cpu = 00:00:08 ; elapsed = 00:00:09 . Memory (MB): peak = 2423.738 ; gain = 638.047 ; free physical = 155 ; free virtual = 2034
---------------------------------------------------------------------------------
---------------------------------------------------------------------------------
Start Applying 'set_property' XDC Constraints
---------------------------------------------------------------------------------
---------------------------------------------------------------------------------
Finished applying 'set_property' XDC Constraints : Time (s): cpu = 00:00:08 ; elapsed = 00:00:09 . Memory (MB): peak = 2423.738 ; gain = 638.047 ; free physical = 155 ; free virtual = 2034
---------------------------------------------------------------------------------
---------------------------------------------------------------------------------
Finished RTL Optimization Phase 2 : Time (s): cpu = 00:00:08 ; elapsed = 00:00:09 . Memory (MB): peak = 2423.738 ; gain = 638.047 ; free physical = 165 ; free virtual = 2007
---------------------------------------------------------------------------------
---------------------------------------------------------------------------------
Start RTL Component Statistics 
---------------------------------------------------------------------------------
Detailed RTL Component Info : 
---------------------------------------------------------------------------------
Finished RTL Component Statistics 
---------------------------------------------------------------------------------
---------------------------------------------------------------------------------
Start Part Resource Summary
---------------------------------------------------------------------------------
Part Resources:
DSPs: 740 (col length:100)
BRAMs: 730 (col length: RAMB18 100 RAMB36 50)
---------------------------------------------------------------------------------
Finished Part Resource Summary
---------------------------------------------------------------------------------
---------------------------------------------------------------------------------
Start Cross Boundary and Area Optimization
---------------------------------------------------------------------------------
---------------------------------------------------------------------------------
Finished Cross Boundary and Area Optimization : Time (s): cpu = 00:00:09 ; elapsed = 00:00:10 . Memory (MB): peak = 2423.738 ; gain = 638.047 ; free physical = 190 ; free virtual = 1929
---------------------------------------------------------------------------------
---------------------------------------------------------------------------------
Start Applying XDC Timing Constraints
---------------------------------------------------------------------------------
---------------------------------------------------------------------------------
Finished Applying XDC Timing Constraints : Time (s): cpu = 00:00:12 ; elapsed = 00:00:13 . Memory (MB): peak = 2515.738 ; gain = 730.047 ; free physical = 155 ; free virtual = 1568
---------------------------------------------------------------------------------
---------------------------------------------------------------------------------
Start Timing Optimization
---------------------------------------------------------------------------------
---------------------------------------------------------------------------------
Finished Timing Optimization : Time (s): cpu = 00:00:12 ; elapsed = 00:00:13 . Memory (MB): peak = 2515.738 ; gain = 730.047 ; free physical = 155 ; free virtual = 1568
---------------------------------------------------------------------------------
---------------------------------------------------------------------------------
Start Technology Mapping
---------------------------------------------------------------------------------
---------------------------------------------------------------------------------
Finished Technology Mapping : Time (s): cpu = 00:00:12 ; elapsed = 00:00:13 . Memory (MB): peak = 2524.754 ; gain = 739.062 ; free physical = 148 ; free virtual = 1561
---------------------------------------------------------------------------------
---------------------------------------------------------------------------------
Start IO Insertion
---------------------------------------------------------------------------------
---------------------------------------------------------------------------------
Start Flattening Before IO Insertion
---------------------------------------------------------------------------------
---------------------------------------------------------------------------------
Finished Flattening Before IO Insertion
---------------------------------------------------------------------------------
---------------------------------------------------------------------------------
Start Final Netlist Cleanup
---------------------------------------------------------------------------------
---------------------------------------------------------------------------------
Finished Final Netlist Cleanup
---------------------------------------------------------------------------------
---------------------------------------------------------------------------------
Finished IO Insertion : Time (s): cpu = 00:00:15 ; elapsed = 00:00:16 . Memory (MB): peak = 2711.566 ; gain = 925.875 ; free physical = 298 ; free virtual = 1109
---------------------------------------------------------------------------------
---------------------------------------------------------------------------------
Start Renaming Generated Instances
---------------------------------------------------------------------------------
---------------------------------------------------------------------------------
Finished Renaming Generated Instances : Time (s): cpu = 00:00:15 ; elapsed = 00:00:16 . Memory (MB): peak = 2711.566 ; gain = 925.875 ; free physical = 298 ; free virtual = 1109
---------------------------------------------------------------------------------
---------------------------------------------------------------------------------
Start Rebuilding User Hierarchy
---------------------------------------------------------------------------------
---------------------------------------------------------------------------------
Finished Rebuilding User Hierarchy : Time (s): cpu = 00:00:15 ; elapsed = 00:00:16 . Memory (MB): peak = 2711.566 ; gain = 925.875 ; free physical = 298 ; free virtual = 1109
---------------------------------------------------------------------------------
---------------------------------------------------------------------------------
Start Renaming Generated Ports
---------------------------------------------------------------------------------
---------------------------------------------------------------------------------
Finished Renaming Generated Ports : Time (s): cpu = 00:00:15 ; elapsed = 00:00:16 . Memory (MB): peak = 2711.566 ; gain = 925.875 ; free physical = 298 ; free virtual = 1109
---------------------------------------------------------------------------------
---------------------------------------------------------------------------------
Start Handling Custom Attributes
---------------------------------------------------------------------------------
---------------------------------------------------------------------------------
Finished Handling Custom Attributes : Time (s): cpu = 00:00:15 ; elapsed = 00:00:16 . Memory (MB): peak = 2711.566 ; gain = 925.875 ; free physical = 298 ; free virtual = 1109
---------------------------------------------------------------------------------
---------------------------------------------------------------------------------
Start Renaming Generated Nets
---------------------------------------------------------------------------------
---------------------------------------------------------------------------------
Finished Renaming Generated Nets : Time (s): cpu = 00:00:15 ; elapsed = 00:00:16 . Memory (MB): peak = 2711.566 ; gain = 925.875 ; free physical = 298 ; free virtual = 1109
---------------------------------------------------------------------------------
---------------------------------------------------------------------------------
Start Writing Synthesis Report
---------------------------------------------------------------------------------

Report BlackBoxes: 
+-+--------------+----------+
| |BlackBox name |Instances |
+-+--------------+----------+
+-+--------------+----------+

Report Cell Usage: 
+------+-----------+------+
|      |Cell       |Count |
+------+-----------+------+
|1     |BUFG       |     3|
|2     |MMCME2_ADV |     1|
|3     |IBUF       |     1|
+------+-----------+------+
---------------------------------------------------------------------------------
Finished Writing Synthesis Report : Time (s): cpu = 00:00:15 ; elapsed = 00:00:16 . Memory (MB): peak = 2711.566 ; gain = 925.875 ; free physical = 298 ; free virtual = 1109
---------------------------------------------------------------------------------
Synthesis finished with 0 errors, 0 critical warnings and 0 warnings.
Synthesis Optimization Runtime : Time (s): cpu = 00:00:13 ; elapsed = 00:00:14 . Memory (MB): peak = 2711.566 ; gain = 879.883 ; free physical = 298 ; free virtual = 1109
Synthesis Optimization Complete : Time (s): cpu = 00:00:15 ; elapsed = 00:00:16 . Memory (MB): peak = 2711.574 ; gain = 925.875 ; free physical = 298 ; free virtual = 1109
INFO: [Project 1-571] Translating synthesized netlist
Netlist sorting complete. Time (s): cpu = 00:00:00 ; elapsed = 00:00:00 . Memory (MB): peak = 2711.574 ; gain = 0.000 ; free physical = 298 ; free virtual = 1109
INFO: [Netlist 29-17] Analyzing 1 Unisim elements for replacement
INFO: [Netlist 29-28] Unisim Transformation completed in 0 CPU seconds
INFO: [Project 1-570] Preparing netlist for logic optimization
INFO: [Opt 31-138] Pushed 0 inverter(s) to 0 load pin(s).
Netlist sorting complete. Time (s): cpu = 00:00:00 ; elapsed = 00:00:00.01 . Memory (MB): peak = 2711.574 ; gain = 0.000 ; free physical = 432 ; free virtual = 1284
INFO: [Project 1-111] Unisim Transformation Summary:
No Unisim elements were transformed.

Synth Design complete | Checksum: 3ce9665a
INFO: [Common 17-83] Releasing license: Synthesis
29 Infos, 0 Warnings, 0 Critical Warnings and 0 Errors encountered.
synth_design completed successfully
synth_design: Time (s): cpu = 00:00:19 ; elapsed = 00:00:18 . Memory (MB): peak = 2711.602 ; gain = 1084.090 ; free physical = 429 ; free virtual = 1285
INFO: [Common 17-2834] synth_design peak Physical Memory [PSS] (MB): overall = 1621.648; main = 1621.648; forked = 205.761
INFO: [Common 17-2834] synth_design peak Virtual Memory [VSS] (MB): overall = 3417.953; main = 2711.570; forked = 994.211
Write ShapeDB Complete: Time (s): cpu = 00:00:00 ; elapsed = 00:00:00 . Memory (MB): peak = 2735.578 ; gain = 0.000 ; free physical = 428 ; free virtual = 1285
INFO: [Common 17-1381] The checkpoint '/home/rt7085/repos/tagus_led_blinker/tagus_led_blinker.runs/led_blinker_clk_wiz_0_synth_1/led_blinker_clk_wiz_0.dcp' has been generated.
INFO: [Coretcl 2-1648] Added synthesis output to IP cache for IP led_blinker_clk_wiz_0, cache-ID = b2d371376b85d7ba
Write ShapeDB Complete: Time (s): cpu = 00:00:00 ; elapsed = 00:00:00 . Memory (MB): peak = 2735.578 ; gain = 0.000 ; free physical = 412 ; free virtual = 1284
INFO: [Common 17-1381] The checkpoint '/home/rt7085/repos/tagus_led_blinker/tagus_led_blinker.runs/led_blinker_clk_wiz_0_synth_1/led_blinker_clk_wiz_0.dcp' has been generated.
INFO: [Vivado 12-24828] Executing command : report_utilization -file led_blinker_clk_wiz_0_utilization_synth.rpt -pb led_blinker_clk_wiz_0_utilization_synth.pb
INFO: [Common 17-206] Exiting Vivado at Sun May 10 08:33:21 2026...
