Copyright 1986-2022 Xilinx, Inc. All Rights Reserved. Copyright 2022-2025 Advanced Micro Devices, Inc. All Rights Reserved.
-------------------------------------------------------------------------------------------------------------------------------------------------------------------------------
| Tool Version     : Vivado v.2025.2 (lin64) Build 6299465 Fri Nov 14 12:34:56 MST 2025
| Date             : Sat May 16 06:20:49 2026
| Host             : capybara running 64-bit Ubuntu 24.04.3 LTS
| Command          : report_power -file led_blinker_wrapper_power_routed.rpt -pb led_blinker_wrapper_power_summary_routed.pb -rpx led_blinker_wrapper_power_routed.rpx
| Design           : led_blinker_wrapper
| Device           : xc7a200tfbg484-2
| Design State     : routed
| Grade            : commercial
| Process          : typical
| Characterization : Production
-------------------------------------------------------------------------------------------------------------------------------------------------------------------------------

Power Report

Table of Contents
-----------------
1. Summary
1.1 On-Chip Components
1.2 Power Supply Summary
1.3 Confidence Level
2. Settings
2.1 Environment
2.2 Clock Constraints
3. Detailed Reports
3.1 By Hierarchy

1. Summary
----------

+--------------------------+--------------+
| Total On-Chip Power (W)  | 0.294        |
| Design Power Budget (W)  | Unspecified* |
| Power Budget Margin (W)  | NA           |
| Dynamic (W)              | 0.154        |
| Device Static (W)        | 0.140        |
| Effective TJA (C/W)      | 2.5          |
| Max Ambient (C)          | 84.3         |
| Junction Temperature (C) | 25.7         |
| Confidence Level         | Low          |
| Setting File             | ---          |
| Simulation Activity File | ---          |
| Design Nets Matched      | NA           |
+--------------------------+--------------+
* Specify Design Power Budget using, set_operating_conditions -design_power_budget <value in Watts>


1.1 On-Chip Components
----------------------

+--------------------------+-----------+----------+-----------+-----------------+
| On-Chip                  | Power (W) | Used     | Available | Utilization (%) |
+--------------------------+-----------+----------+-----------+-----------------+
| Clocks                   |     0.057 |        9 |       --- |             --- |
| Slice Logic              |     0.009 |     9565 |       --- |             --- |
|   LUT as Logic           |     0.007 |     3055 |    133800 |            2.28 |
|   Register               |    <0.001 |     4310 |    267600 |            1.61 |
|   LUT as Distributed RAM |    <0.001 |       88 |     46200 |            0.19 |
|   CARRY4                 |    <0.001 |       85 |     33450 |            0.25 |
|   F7/F8 Muxes            |    <0.001 |      114 |    133800 |            0.09 |
|   BUFG                   |    <0.001 |        1 |        32 |            3.13 |
|   LUT as Shift Register  |    <0.001 |      203 |     46200 |            0.44 |
|   Others                 |    <0.001 |      967 |       --- |             --- |
| Signals                  |     0.014 |     6730 |       --- |             --- |
| Block RAM                |     0.007 |       17 |       365 |            4.66 |
| MMCM                     |     0.065 |        1 |        10 |           10.00 |
| I/O                      |     0.002 |        5 |       285 |            1.75 |
| Static Power             |     0.140 |          |           |                 |
| Total                    |     0.294 |          |           |                 |
+--------------------------+-----------+----------+-----------+-----------------+


1.2 Power Supply Summary
------------------------

+-----------+-------------+-----------+-------------+------------+-------------+-------------+------------+
| Source    | Voltage (V) | Total (A) | Dynamic (A) | Static (A) | Powerup (A) | Budget (A)  | Margin (A) |
+-----------+-------------+-----------+-------------+------------+-------------+-------------+------------+
| Vccint    |       1.000 |     0.119 |       0.088 |      0.031 |       NA    | Unspecified | NA         |
| Vccaux    |       1.800 |     0.066 |       0.036 |      0.031 |       NA    | Unspecified | NA         |
| Vcco33    |       3.300 |     0.006 |       0.001 |      0.005 |       NA    | Unspecified | NA         |
| Vcco25    |       2.500 |     0.000 |       0.000 |      0.000 |       NA    | Unspecified | NA         |
| Vcco18    |       1.800 |     0.000 |       0.000 |      0.000 |       NA    | Unspecified | NA         |
| Vcco15    |       1.500 |     0.000 |       0.000 |      0.000 |       NA    | Unspecified | NA         |
| Vcco135   |       1.350 |     0.000 |       0.000 |      0.000 |       NA    | Unspecified | NA         |
| Vcco12    |       1.200 |     0.000 |       0.000 |      0.000 |       NA    | Unspecified | NA         |
| Vccaux_io |       1.800 |     0.000 |       0.000 |      0.000 |       NA    | Unspecified | NA         |
| Vccbram   |       1.000 |     0.002 |       0.000 |      0.001 |       NA    | Unspecified | NA         |
| MGTAVcc   |       1.000 |     0.000 |       0.000 |      0.000 |       NA    | Unspecified | NA         |
| MGTAVtt   |       1.200 |     0.000 |       0.000 |      0.000 |       NA    | Unspecified | NA         |
| Vccadc    |       1.800 |     0.020 |       0.000 |      0.020 |       NA    | Unspecified | NA         |
+-----------+-------------+-----------+-------------+------------+-------------+-------------+------------+


1.3 Confidence Level
--------------------

+-----------------------------+------------+--------------------------------------------------------+------------------------------------------------------------------------------------------------------------+
| User Input Data             | Confidence | Details                                                | Action                                                                                                     |
+-----------------------------+------------+--------------------------------------------------------+------------------------------------------------------------------------------------------------------------+
| Design implementation state | High       | Design is routed                                       |                                                                                                            |
| Clock nodes activity        | High       | User specified more than 95% of clocks                 |                                                                                                            |
| I/O nodes activity          | Low        | More than 75% of inputs are missing user specification | Provide missing input activity with simulation results or by editing the "By Resource Type -> I/Os" view   |
| Internal nodes activity     | Medium     | User specified less than 25% of internal nodes         | Provide missing internal nodes activity with simulation results or by editing the "By Resource Type" views |
| Device models               | High       | Device models are Production                           |                                                                                                            |
|                             |            |                                                        |                                                                                                            |
| Overall confidence level    | Low        |                                                        |                                                                                                            |
+-----------------------------+------------+--------------------------------------------------------+------------------------------------------------------------------------------------------------------------+


2. Settings
-----------

2.1 Environment
---------------

+-----------------------+--------------------------+
| Ambient Temp (C)      | 25.0                     |
| ThetaJA (C/W)         | 2.5                      |
| Airflow (LFM)         | 250                      |
| Heat Sink             | medium (Medium Profile)  |
| ThetaSA (C/W)         | 4.2                      |
| Board Selection       | medium (10"x10")         |
| # of Board Layers     | 12to15 (12 to 15 Layers) |
| Board Temperature (C) | 25.0                     |
+-----------------------+--------------------------+


2.2 Clock Constraints
---------------------

+--------------------------------------------------------------------------------------------+-------------------------------------------------------------------+-----------------+
| Clock                                                                                      | Domain                                                            | Constraint (ns) |
+--------------------------------------------------------------------------------------------+-------------------------------------------------------------------+-----------------+
| clk_out1_led_blinker_clk_wiz_0                                                             | led_blinker_i/clk_wiz/inst/clk_out1_led_blinker_clk_wiz_0         |            10.0 |
| clk_out2_led_blinker_clk_wiz_0                                                             | led_blinker_i/clk_wiz/inst/clk_out2_led_blinker_clk_wiz_0         |             2.5 |
| clkfbout_led_blinker_clk_wiz_0                                                             | led_blinker_i/clk_wiz/inst/clkfbout_led_blinker_clk_wiz_0         |            10.0 |
| dbg_hub/inst/BSCANID.u_xsdbm_id/SWITCH_N_EXT_BSCAN.bscan_inst/SERIES7_BSCAN.bscan_inst/TCK | dbg_hub/inst/BSCANID.u_xsdbm_id/SWITCH_N_EXT_BSCAN.bscan_inst/TCK |            33.0 |
| led_blinker_i/mdm_0/U0/Use_E2.BSCAN_I/Use_E2.BSCANE2_I/DRCK                                | led_blinker_i/mdm_0/U0/Use_E2.BSCAN_I/DRCK                        |            33.3 |
| led_blinker_i/mdm_0/U0/Use_E2.BSCAN_I/Use_E2.BSCANE2_I/UPDATE                              | led_blinker_i/mdm_0/U0/Use_E2.BSCAN_I/Dbg_Update_0                |            33.3 |
+--------------------------------------------------------------------------------------------+-------------------------------------------------------------------+-----------------+


3. Detailed Reports
-------------------

3.1 By Hierarchy
----------------

+-------------------------------+-----------+
| Name                          | Power (W) |
+-------------------------------+-----------+
| led_blinker_wrapper           |     0.154 |
|   dbg_hub                     |     0.010 |
|     inst                      |     0.010 |
|       BSCANID.u_xsdbm_id      |     0.010 |
|   led_blinker_i               |     0.142 |
|     axi_smc                   |     0.004 |
|       inst                    |     0.004 |
|     clk_wiz                   |     0.066 |
|       inst                    |     0.066 |
|     mdm_0                     |     0.001 |
|       U0                      |     0.001 |
|     microblaze_0              |     0.013 |
|       U0                      |     0.013 |
|     microblaze_0_local_memory |     0.004 |
|       lmb_bram                |     0.004 |
|     system_ila_0              |     0.027 |
|       inst                    |     0.027 |
|     system_ila_1              |     0.027 |
|       inst                    |     0.027 |
+-------------------------------+-----------+


