Copyright 1986-2022 Xilinx, Inc. All Rights Reserved. Copyright 2022-2025 Advanced Micro Devices, Inc. All Rights Reserved.
-------------------------------------------------------------------------------------------------------------------------------------------------------------------------------
| Tool Version     : Vivado v.2025.2 (lin64) Build 6299465 Fri Nov 14 12:34:56 MST 2025
| Date             : Fri Jun  5 06:40:30 2026
| Host             : capybara running 64-bit Ubuntu 24.04.3 LTS
| Command          : report_power -file led_blinker_wrapper_power_routed.rpt -pb led_blinker_wrapper_power_summary_routed.pb -rpx led_blinker_wrapper_power_routed.rpx
| Design           : led_blinker_wrapper
| Device           : xc7a200tfbg484-2
| Design State     : routed
| Grade            : commercial
| Process          : typical
| Characterization : Production
-------------------------------------------------------------------------------------------------------------------------------------------------------------------------------

Power Report

Table of Contents
-----------------
1. Summary
1.1 On-Chip Components
1.2 Power Supply Summary
1.3 Confidence Level
2. Settings
2.1 Environment
2.2 Clock Constraints
3. Detailed Reports
3.1 By Hierarchy

1. Summary
----------

+--------------------------+--------------+
| Total On-Chip Power (W)  | 0.877        |
| Design Power Budget (W)  | Unspecified* |
| Power Budget Margin (W)  | NA           |
| Dynamic (W)              | 0.727        |
| Device Static (W)        | 0.150        |
| Effective TJA (C/W)      | 2.5          |
| Max Ambient (C)          | 82.8         |
| Junction Temperature (C) | 27.2         |
| Confidence Level         | Low          |
| Setting File             | ---          |
| Simulation Activity File | ---          |
| Design Nets Matched      | NA           |
+--------------------------+--------------+
* Specify Design Power Budget using, set_operating_conditions -design_power_budget <value in Watts>


1.1 On-Chip Components
----------------------

+--------------------------+-----------+----------+-----------+-----------------+
| On-Chip                  | Power (W) | Used     | Available | Utilization (%) |
+--------------------------+-----------+----------+-----------+-----------------+
| Clocks                   |     0.056 |        8 |       --- |             --- |
| Slice Logic              |     0.062 |    44130 |       --- |             --- |
|   LUT as Logic           |     0.052 |    14120 |    133800 |           10.55 |
|   LUT as Distributed RAM |     0.006 |     2444 |     46200 |            5.29 |
|   Register               |     0.003 |    18029 |    267600 |            6.74 |
|   CARRY4                 |    <0.001 |      217 |     33450 |            0.65 |
|   F7/F8 Muxes            |    <0.001 |      551 |    133800 |            0.41 |
|   LUT as Shift Register  |    <0.001 |      378 |     46200 |            0.82 |
|   BUFG                   |    <0.001 |        2 |        32 |            6.25 |
|   Others                 |    <0.001 |     1773 |       --- |             --- |
|   BUFR                   |     0.000 |        1 |       160 |            0.63 |
| Signals                  |     0.073 |    28837 |       --- |             --- |
| Block RAM                |     0.037 |       24 |       365 |            6.58 |
| MMCM                     |     0.164 |        2 |        10 |           20.00 |
| PLL                      |     0.047 |        1 |        10 |           10.00 |
| I/O                      |     0.267 |       55 |       285 |           19.30 |
| PHASER                   |     0.017 |       16 |       --- |             --- |
| XADC                     |     0.004 |        1 |       --- |             --- |
| Static Power             |     0.150 |          |           |                 |
| Total                    |     0.877 |          |           |                 |
+--------------------------+-----------+----------+-----------+-----------------+


1.2 Power Supply Summary
------------------------

+-----------+-------------+-----------+-------------+------------+-------------+-------------+------------+
| Source    | Voltage (V) | Total (A) | Dynamic (A) | Static (A) | Powerup (A) | Budget (A)  | Margin (A) |
+-----------+-------------+-----------+-------------+------------+-------------+-------------+------------+
| Vccint    |       1.000 |     0.268 |       0.235 |      0.033 |       NA    | Unspecified | NA         |
| Vccaux    |       1.800 |     0.198 |       0.167 |      0.031 |       NA    | Unspecified | NA         |
| Vcco33    |       3.300 |     0.006 |       0.001 |      0.005 |       NA    | Unspecified | NA         |
| Vcco25    |       2.500 |     0.000 |       0.000 |      0.000 |       NA    | Unspecified | NA         |
| Vcco18    |       1.800 |     0.000 |       0.000 |      0.000 |       NA    | Unspecified | NA         |
| Vcco15    |       1.500 |     0.126 |       0.121 |      0.005 |       NA    | Unspecified | NA         |
| Vcco135   |       1.350 |     0.000 |       0.000 |      0.000 |       NA    | Unspecified | NA         |
| Vcco12    |       1.200 |     0.000 |       0.000 |      0.000 |       NA    | Unspecified | NA         |
| Vccaux_io |       1.800 |     0.000 |       0.000 |      0.000 |       NA    | Unspecified | NA         |
| Vccbram   |       1.000 |     0.004 |       0.003 |      0.001 |       NA    | Unspecified | NA         |
| MGTAVcc   |       1.000 |     0.000 |       0.000 |      0.000 |       NA    | Unspecified | NA         |
| MGTAVtt   |       1.200 |     0.000 |       0.000 |      0.000 |       NA    | Unspecified | NA         |
| Vccadc    |       1.800 |     0.022 |       0.002 |      0.020 |       NA    | Unspecified | NA         |
+-----------+-------------+-----------+-------------+------------+-------------+-------------+------------+


1.3 Confidence Level
--------------------

+-----------------------------+------------+--------------------------------------------------------+--------------------------------------------------------------------------------------------------------------------+
| User Input Data             | Confidence | Details                                                | Action                                                                                                             |
+-----------------------------+------------+--------------------------------------------------------+--------------------------------------------------------------------------------------------------------------------+
| Design implementation state | High       | Design is routed                                       |                                                                                                                    |
| Clock nodes activity        | Low        | User specified less than 75% of clocks                 | Provide missing clock activity with a constraint file, simulation results or by editing the "By Clock Domain" view |
| I/O nodes activity          | Low        | More than 75% of inputs are missing user specification | Provide missing input activity with simulation results or by editing the "By Resource Type -> I/Os" view           |
| Internal nodes activity     | Medium     | User specified less than 25% of internal nodes         | Provide missing internal nodes activity with simulation results or by editing the "By Resource Type" views         |
| Device models               | High       | Device models are Production                           |                                                                                                                    |
|                             |            |                                                        |                                                                                                                    |
| Overall confidence level    | Low        |                                                        |                                                                                                                    |
+-----------------------------+------------+--------------------------------------------------------+--------------------------------------------------------------------------------------------------------------------+


2. Settings
-----------

2.1 Environment
---------------

+-----------------------+--------------------------+
| Ambient Temp (C)      | 25.0                     |
| ThetaJA (C/W)         | 2.5                      |
| Airflow (LFM)         | 250                      |
| Heat Sink             | medium (Medium Profile)  |
| ThetaSA (C/W)         | 4.2                      |
| Board Selection       | medium (10"x10")         |
| # of Board Layers     | 12to15 (12 to 15 Layers) |
| Board Temperature (C) | 25.0                     |
+-----------------------+--------------------------+


2.2 Clock Constraints
---------------------

+---------------------------------------------------------------+-----------------------------------------------------------+-----------------+
| Clock                                                         | Domain                                                    | Constraint (ns) |
+---------------------------------------------------------------+-----------------------------------------------------------+-----------------+
| clk_out1_led_blinker_clk_wiz_0                                | led_blinker_i/clk_wiz/inst/clk_out1_led_blinker_clk_wiz_0 |            10.0 |
| clk_out2_led_blinker_clk_wiz_0                                | led_blinker_i/clk_wiz/inst/clk_out2_led_blinker_clk_wiz_0 |             5.0 |
| clkfbout_led_blinker_clk_wiz_0                                | led_blinker_i/clk_wiz/inst/clkfbout_led_blinker_clk_wiz_0 |            10.0 |
| led_blinker_i/clk_wiz/inst/clk_in1                            | clk_IBUF                                                  |            10.0 |
| led_blinker_i/mdm_0/U0/Use_E2.BSCAN_I/Use_E2.BSCANE2_I/DRCK   | led_blinker_i/mdm_0/U0/Use_E2.BSCAN_I/DRCK                |            33.3 |
| led_blinker_i/mdm_0/U0/Use_E2.BSCAN_I/Use_E2.BSCANE2_I/UPDATE | led_blinker_i/mdm_0/U0/Use_E2.BSCAN_I/Dbg_Update_0        |            33.3 |
+---------------------------------------------------------------+-----------------------------------------------------------+-----------------+


3. Detailed Reports
-------------------

3.1 By Hierarchy
----------------

+-----------------------------------------+-----------+
| Name                                    | Power (W) |
+-----------------------------------------+-----------+
| led_blinker_wrapper                     |     0.727 |
|   led_blinker_i                         |     0.723 |
|     axi_bram_ctrl_0                     |     0.003 |
|       U0                                |     0.003 |
|     axi_bram_ctrl_0_bram                |     0.003 |
|       U0                                |     0.003 |
|     axi_smc                             |     0.107 |
|       inst                              |     0.107 |
|     clk_wiz                             |     0.107 |
|       inst                              |     0.107 |
|     mdm_0                               |     0.001 |
|       U0                                |     0.001 |
|     microblaze_0                        |     0.045 |
|       U0                                |     0.045 |
|     microblaze_0_local_memory           |     0.007 |
|       lmb_bram                          |     0.007 |
|     mig_7series_0                       |     0.447 |
|       u_led_blinker_mig_7series_0_0_mig |     0.447 |
+-----------------------------------------+-----------+


